<!DOCTYPE html>
<html>
<head>
<meta http-equiv="Content-Type" content="text/html; charset=utf-8"/>
<meta http-equiv="x-ua-compatible" content="IE=edge"/>
<title>Test results - Class edu.ncsu.csc326.coffeemaker.CoffeeMakerTest</title>
<link href="../css/base-style.css" rel="stylesheet" type="text/css"/>
<link href="../css/style.css" rel="stylesheet" type="text/css"/>
<script src="../js/report.js" type="text/javascript"></script>
</head>
<body>
<div id="content">
<h1>Class edu.ncsu.csc326.coffeemaker.CoffeeMakerTest</h1>
<div class="breadcrumbs">
<a href="../index.html">all</a> &gt; 
<a href="../packages/edu.ncsu.csc326.coffeemaker.html">edu.ncsu.csc326.coffeemaker</a> &gt; CoffeeMakerTest</div>
<div id="summary">
<table>
<tr>
<td>
<div class="summaryGroup">
<table>
<tr>
<td>
<div class="infoBox" id="tests">
<div class="counter">9</div>
<p>tests</p>
</div>
</td>
<td>
<div class="infoBox" id="failures">
<div class="counter">0</div>
<p>failures</p>
</div>
</td>
<td>
<div class="infoBox" id="ignored">
<div class="counter">0</div>
<p>ignored</p>
</div>
</td>
<td>
<div class="infoBox" id="duration">
<div class="counter">0.020s</div>
<p>duration</p>
</div>
</td>
</tr>
</table>
</div>
</td>
<td>
<div class="infoBox success" id="successRate">
<div class="percent">100%</div>
<p>successful</p>
</div>
</td>
</tr>
</table>
</div>
<div id="tabs">
<ul class="tabLinks">
<li>
<a href="#tab0">Tests</a>
</li>
<li>
<a href="#tab1">Standard output</a>
</li>
</ul>
<div id="tab0" class="tab">
<h2>Tests</h2>
<table>
<thead>
<tr>
<th>Test</th>
<th>Duration</th>
<th>Result</th>
</tr>
</thead>
<tr>
<td class="success">testAddInventory</td>
<td>0.001s</td>
<td class="success">passed</td>
</tr>
<tr>
<td class="success">testAddInventoryException</td>
<td>0.002s</td>
<td class="success">passed</td>
</tr>
<tr>
<td class="success">testCanIMakeCoffee</td>
<td>0.007s</td>
<td class="success">passed</td>
</tr>
<tr>
<td class="success">testMakeCoffee1</td>
<td>0.002s</td>
<td class="success">passed</td>
</tr>
<tr>
<td class="success">testMakeCoffee2</td>
<td>0.002s</td>
<td class="success">passed</td>
</tr>
<tr>
<td class="success">testMakeCoffee3</td>
<td>0.002s</td>
<td class="success">passed</td>
</tr>
<tr>
<td class="success">testMakeCoffee4</td>
<td>0.001s</td>
<td class="success">passed</td>
</tr>
<tr>
<td class="success">testMakeCoffee5</td>
<td>0s</td>
<td class="success">passed</td>
</tr>
<tr>
<td class="success">testMakeCoffee6</td>
<td>0.003s</td>
<td class="success">passed</td>
</tr>
</table>
</div>
<div id="tab1" class="tab">
<h2>Standard output</h2>
<span class="code">
<pre>Receta agregada en la posicion: 0
Estado de adicion de la receta: true
Receta agregada en la posicion: 1
Estado de adicion de la receta: true
Receta agregada en la posicion: 2
Estado de adicion de la receta: true
Receta agregada en la posicion: 3
Estado de adicion de la receta: true
Coffee: 15
Milk: 15
Sugar: 15
Chocolate: 15

Receta agregada en la posicion: 0
Estado de adicion de la receta: true
Receta agregada en la posicion: 1
Estado de adicion de la receta: true
Receta agregada en la posicion: 2
Estado de adicion de la receta: true
Receta agregada en la posicion: 3
Estado de adicion de la receta: true
Receta agregada en la posicion: 0
Estado de adicion de la receta: true
Receta agregada en la posicion: 1
Estado de adicion de la receta: true
Receta agregada en la posicion: 2
Estado de adicion de la receta: true
Receta agregada en la posicion: 3
Estado de adicion de la receta: true
Receta agregada en la posicion: 0
Estado de adicion de la receta: true
Receta agregada en la posicion: 1
Estado de adicion de la receta: true
Receta agregada en la posicion: 2
Estado de adicion de la receta: true
Receta agregada en la posicion: 3
Estado de adicion de la receta: true
Entre a makecoffeeeee!!!!!!
El precio de la receta es de 50
Dinero tienes: 75
Tu cambio es de: 25
Receta agregada en la posicion: 0
Estado de adicion de la receta: true
Receta agregada en la posicion: 1
Estado de adicion de la receta: true
Receta agregada en la posicion: 2
Estado de adicion de la receta: true
Receta agregada en la posicion: 3
Estado de adicion de la receta: true
Entre a makecoffeeeee!!!!!!
El precio de la receta es de 75
Dinero tienes: 125
Tu cambio es de: 50
Receta agregada en la posicion: 0
Estado de adicion de la receta: true
Receta agregada en la posicion: 1
Estado de adicion de la receta: true
Receta agregada en la posicion: 2
Estado de adicion de la receta: true
Receta agregada en la posicion: 3
Estado de adicion de la receta: true
Entre a makecoffeeeee!!!!!!
El precio de la receta es de 100
Dinero tienes: 150
Tu cambio es de: 50
Receta agregada en la posicion: 0
Estado de adicion de la receta: true
Receta agregada en la posicion: 1
Estado de adicion de la receta: true
Receta agregada en la posicion: 2
Estado de adicion de la receta: true
Receta agregada en la posicion: 3
Estado de adicion de la receta: true
Entre a makecoffeeeee!!!!!!
El precio de la receta es de 65
Dinero tienes: 150
Tu cambio es de: 85
Receta agregada en la posicion: 0
Estado de adicion de la receta: true
Receta agregada en la posicion: 1
Estado de adicion de la receta: true
Receta agregada en la posicion: 2
Estado de adicion de la receta: true
Receta agregada en la posicion: 3
Estado de adicion de la receta: true
Entre a makecoffeeeee!!!!!!
El precio de la receta es de 50
Dinero tienes: 150
Tu cambio es de: 100
Receta agregada en la posicion: 0
Estado de adicion de la receta: true
Receta agregada en la posicion: 1
Estado de adicion de la receta: true
Receta agregada en la posicion: 2
Estado de adicion de la receta: true
Receta agregada en la posicion: 3
Estado de adicion de la receta: true
</pre>
</span>
</div>
</div>
<div id="footer">
<p>
<div>
<label class="hidden" id="label-for-line-wrapping-toggle" for="line-wrapping-toggle">Wrap lines
<input id="line-wrapping-toggle" type="checkbox" autocomplete="off"/>
</label>
</div>Generated by 
<a href="http://www.gradle.org">Gradle 4.3.1</a> at 13/01/2022 06:52:38 PM</p>
</div>
</div>
</body>
</html>
